/usr/bin/bash: line 1: godot: command not found
